main.cpp:75:6:void HAL_TIM_PWM_PulseFinishedCallback(TIM_HandleTypeDef*)	16	static
main.cpp:81:6:void HAL_UART_RxCpltCallback(UART_HandleTypeDef*)	16	static
main.cpp:131:5:int main()	13968	static
main.cpp:217:6:void SystemClock_Config()	88	static
main.cpp:261:13:void MX_TIM1_Init()	96	static
main.cpp:336:13:void MX_USART2_UART_Init()	8	static
main.cpp:369:13:void MX_USART6_UART_Init()	8	static
main.cpp:400:13:void MX_DMA_Init()	16	static
main.cpp:418:13:void MX_GPIO_Init()	48	static
main.cpp:444:6:void Error_Handler()	4	static,ignoring_inline_asm
